count
/Volumes/pn-opus/Seedlings/Subject_Files/37/37_06/Home_Visit//Analysis/Audio_Analysis/37_06_audio_sparse_code_no_id.csv
/Volumes/pn-opus/Seedlings/Subject_Files/19/19_16/Home_Visit//Analysis/Audio_Analysis/19_16_audio_sparse_code_no_id.csv
/Volumes/pn-opus/Seedlings/Subject_Files/19/19_14/Home_Visit//Analysis/Audio_Analysis/19_14_audio_sparse_code_no_id.csv
/Volumes/pn-opus/Seedlings/Subject_Files/19/19_15/Home_Visit//Analysis/Audio_Analysis/19_15_audio_sparse_code_no_id.csv
/Volumes/pn-opus/Seedlings/Subject_Files/19/19_17/Home_Visit//Analysis/Audio_Analysis/19_17_audio_sparse_code_no_id.csv
/Volumes/pn-opus/Seedlings/Subject_Files/17/17_15/Home_Visit//Analysis/Audio_Analysis/17_15_audio_sparse_code_no_id.csv
/Volumes/pn-opus/Seedlings/Subject_Files/46/46_16/Home_Visit//Analysis/Audio_Analysis/46_16_audio_sparse_code_no_id.csv
/Volumes/pn-opus/Seedlings/Subject_Files/02/02_09/Home_Visit//Analysis/Audio_Analysis/02_09_audio_sparse_code_no_id.csv
/Volumes/pn-opus/Seedlings/Subject_Files/25/25_06/Home_Visit//Analysis/Audio_Analysis/25_06_audio_sparse_code_no_id.csv
/Volumes/pn-opus/Seedlings/Subject_Files/18/18_07/Home_Visit//Analysis/Audio_Analysis/18_07_audio_sparse_code_no_id.csv
/Volumes/pn-opus/Seedlings/Subject_Files/18/18_10/Home_Visit//Analysis/Audio_Analysis/18_10_audio_sparse_code_no_id.csv
/Volumes/pn-opus/Seedlings/Subject_Files/42/42_06/Home_Visit//Analysis/Audio_Analysis/42_06_audio_sparse_code_no_id.csv
/Volumes/pn-opus/Seedlings/Subject_Files/42/42_17/Home_Visit//Analysis/Audio_Analysis/42_17_audio_sparse_code_no_id.csv
/Volumes/pn-opus/Seedlings/Subject_Files/42/42_07/Home_Visit//Analysis/Audio_Analysis/42_07_audio_sparse_code_no_id.csv
/Volumes/pn-opus/Seedlings/Subject_Files/42/42_16/Home_Visit//Analysis/Audio_Analysis/42_16_audio_sparse_code_no_id.csv
/Volumes/pn-opus/Seedlings/Subject_Files/42/42_10/Home_Visit//Analysis/Audio_Analysis/42_10_audio_sparse_code_no_id.csv
/Volumes/pn-opus/Seedlings/Subject_Files/44/44_15/Home_Visit//Analysis/Audio_Analysis/44_15_audio_sparse_code_no_id.csv
/Volumes/pn-opus/Seedlings/Subject_Files/21/21_17/Home_Visit//Analysis/Audio_Analysis/21_17_audio_sparse_code_no_id.csv
/Volumes/pn-opus/Seedlings/Subject_Files/20/20_06/Home_Visit//Analysis/Audio_Analysis/20_06_audio_sparse_code_no_id.csv
/Volumes/pn-opus/Seedlings/Subject_Files/20/20_17/Home_Visit//Analysis/Audio_Analysis/20_17_audio_sparse_code_no_id.csv
/Volumes/pn-opus/Seedlings/Subject_Files/20/20_08/Home_Visit//Analysis/Audio_Analysis/20_08_audio_sparse_code_no_id.csv
/Volumes/pn-opus/Seedlings/Subject_Files/14/14_06/Home_Visit//Analysis/Audio_Analysis/14_06_audio_sparse_code_no_id.csv
/Volumes/pn-opus/Seedlings/Subject_Files/08/08_06/Home_Visit//Analysis/Audio_Analysis/08_06_audio_sparse_code_no_id.csv
/Volumes/pn-opus/Seedlings/Subject_Files/08/08_10/Home_Visit//Analysis/Audio_Analysis/08_10_audio_sparse_code_no_id.csv
/Volumes/pn-opus/Seedlings/Subject_Files/08/08_17/Home_Visit//Analysis/Audio_Analysis/08_17_audio_sparse_code_no_id.csv
/Volumes/pn-opus/Seedlings/Subject_Files/08/08_11/Home_Visit//Analysis/Audio_Analysis/08_11_audio_sparse_code_no_id.csv
/Volumes/pn-opus/Seedlings/Subject_Files/08/08_09/Home_Visit//Analysis/Audio_Analysis/08_09_audio_sparse_code_no_id.csv
/Volumes/pn-opus/Seedlings/Subject_Files/27/27_11/Home_Visit//Analysis/Audio_Analysis/27_11_audio_sparse_code_no_id.csv
/Volumes/pn-opus/Seedlings/Subject_Files/11/11_07/Home_Visit//Analysis/Audio_Analysis/11_07_audio_sparse_code_no_id.csv
/Volumes/pn-opus/Seedlings/Subject_Files/40/40_09/Home_Visit//Analysis/Audio_Analysis/40_09_audio_sparse_code_no_id.csv
/Volumes/pn-opus/Seedlings/Subject_Files/13/13_14/Home_Visit//Analysis/Audio_Analysis/13_14_audio_sparse_code_no_id.csv
/Volumes/pn-opus/Seedlings/Subject_Files/04/04_06/Home_Visit//Analysis/Audio_Analysis/04_06_audio_sparse_code_no_id.csv
/Volumes/pn-opus/Seedlings/Subject_Files/04/04_11/Home_Visit//Analysis/Audio_Analysis/04_11_audio_sparse_code_no_id.csv
/Volumes/pn-opus/Seedlings/Subject_Files/04/04_17/Home_Visit//Analysis/Audio_Analysis/04_17_audio_sparse_code_no_id.csv
/Volumes/pn-opus/Seedlings/Subject_Files/01/01_10/Home_Visit//Analysis/Audio_Analysis/01_10_audio_sparse_code_no_id.csv
/Volumes/pn-opus/Seedlings/Subject_Files/01/01_17/Home_Visit//Analysis/Audio_Analysis/01_17_audio_sparse_code_no_id.csv
/Volumes/pn-opus/Seedlings/Subject_Files/01/01_11/Home_Visit//Analysis/Audio_Analysis/01_11_audio_sparse_code_no_id.csv
/Volumes/pn-opus/Seedlings/Subject_Files/30/30_07/Home_Visit//Analysis/Audio_Analysis/30_07_audio_sparse_code_no_id.csv
/Volumes/pn-opus/Seedlings/Subject_Files/12/12_17/Home_Visit//Analysis/Audio_Analysis/12_17_audio_sparse_code_no_id.csv
/Volumes/pn-opus/Seedlings/Subject_Files/12/12_07/Home_Visit//Analysis/Audio_Analysis/12_07_audio_sparse_code_no_id.csv
/Volumes/pn-opus/Seedlings/Subject_Files/12/12_06/Home_Visit//Analysis/Audio_Analysis/12_06_audio_sparse_code_no_id.csv
/Volumes/pn-opus/Seedlings/Subject_Files/16/16_11/Home_Visit//Analysis/Audio_Analysis/16_11_audio_sparse_code_no_id.csv
/Volumes/pn-opus/Seedlings/Subject_Files/16/16_06/Home_Visit//Analysis/Audio_Analysis/16_06_audio_sparse_code_no_id.csv
/Volumes/pn-opus/Seedlings/Subject_Files/16/16_15/Home_Visit//Analysis/Audio_Analysis/16_15_audio_sparse_code_no_id.csv
/Volumes/pn-opus/Seedlings/Subject_Files/06/06_13/Home_Visit//Analysis/Audio_Analysis/06_13_audio_sparse_code_no_id.csv
/Volumes/pn-opus/Seedlings/Subject_Files/32/32_06/Home_Visit//Analysis/Audio_Analysis/32_06_audio_sparse_code_no_id.csv
/Volumes/pn-opus/Seedlings/Subject_Files/32/32_09/Home_Visit//Analysis/Audio_Analysis/32_09_audio_sparse_code_no_id.csv
/Volumes/pn-opus/Seedlings/Subject_Files/36/36_06/Home_Visit//Analysis/Audio_Analysis/36_06_audio_sparse_code_no_id.csv
/Volumes/pn-opus/Seedlings/Subject_Files/39/39_07/Home_Visit//Analysis/Audio_Analysis/39_07_audio_sparse_code_no_id.csv
/Volumes/pn-opus/Seedlings/Subject_Files/03/03_09/Home_Visit//Analysis/Audio_Analysis/03_09_audio_sparse_code_no_id.csv
/Volumes/pn-opus/Seedlings/Subject_Files/41/41_09/Home_Visit//Analysis/Audio_Analysis/41_09_audio_sparse_code_no_id.csv
/Volumes/pn-opus/Seedlings/Subject_Files/41/41_07/Home_Visit//Analysis/Audio_Analysis/41_07_audio_sparse_code_no_id.csv
/Volumes/pn-opus/Seedlings/Subject_Files/41/41_14/Home_Visit//Analysis/Audio_Analysis/41_14_audio_sparse_code_no_id.csv
/Volumes/pn-opus/Seedlings/Subject_Files/41/41_17/Home_Visit//Analysis/Audio_Analysis/41_17_audio_sparse_code_no_id.csv
/Volumes/pn-opus/Seedlings/Subject_Files/41/41_16/Home_Visit//Analysis/Audio_Analysis/41_16_audio_sparse_code_no_id.csv
/Volumes/pn-opus/Seedlings/Subject_Files/41/41_06/Home_Visit//Analysis/Audio_Analysis/41_06_audio_sparse_code_no_id.csv
/Volumes/pn-opus/Seedlings/Subject_Files/43/43_11/Home_Visit//Analysis/Audio_Analysis/43_11_audio_sparse_code_no_id.csv
/Volumes/pn-opus/Seedlings/Subject_Files/43/43_07/Home_Visit//Analysis/Audio_Analysis/43_07_audio_sparse_code_no_id.csv
/Volumes/pn-opus/Seedlings/Subject_Files/43/43_13/Home_Visit//Analysis/Audio_Analysis/43_13_audio_sparse_code_no_id.csv
/Volumes/pn-opus/Seedlings/Subject_Files/22/22_07/Home_Visit//Analysis/Audio_Analysis/22_07_audio_sparse_code_no_id.csv
/Volumes/pn-opus/Seedlings/Subject_Files/10/10_08/Home_Visit//Analysis/Audio_Analysis/10_08_audio_sparse_code_no_id.csv
/Volumes/pn-opus/Seedlings/Subject_Files/10/10_11/Home_Visit//Analysis/Audio_Analysis/10_11_audio_sparse_code_no_id.csv
/Volumes/pn-opus/Seedlings/Subject_Files/10/10_06/Home_Visit//Analysis/Audio_Analysis/10_06_audio_sparse_code_no_id.csv
/Volumes/pn-opus/Seedlings/Subject_Files/07/07_09/Home_Visit//Analysis/Audio_Analysis/07_09_audio_sparse_code_no_id.csv
/Volumes/pn-opus/Seedlings/Subject_Files/38/38_16/Home_Visit//Analysis/Audio_Analysis/38_16_audio_sparse_code_no_id.csv
/Volumes/pn-opus/Seedlings/Subject_Files/33/33_15/Home_Visit//Analysis/Audio_Analysis/33_15_audio_sparse_code_no_id.csv
/Volumes/pn-opus/Seedlings/Subject_Files/33/33_06/Home_Visit//Analysis/Audio_Analysis/33_06_audio_sparse_code_no_id.csv
/Volumes/pn-opus/Seedlings/Subject_Files/33/33_07/Home_Visit//Analysis/Audio_Analysis/33_07_audio_sparse_code_no_id.csv
/Volumes/pn-opus/Seedlings/Subject_Files/33/33_09/Home_Visit//Analysis/Audio_Analysis/33_09_audio_sparse_code_no_id.csv
/Volumes/pn-opus/Seedlings/Subject_Files/33/33_13/Home_Visit//Analysis/Audio_Analysis/33_13_audio_sparse_code_no_id.csv
/Volumes/pn-opus/Seedlings/Subject_Files/31/31_06/Home_Visit//Analysis/Audio_Analysis/31_06_audio_sparse_code_no_id.csv
/Volumes/pn-opus/Seedlings/Subject_Files/02/02_12/Home_Visit/
/Volumes/pn-opus/Seedlings/Subject_Files/15/15_12/Home_Visit/
/Volumes/pn-opus/Seedlings/Subject_Files/01/01_12/Home_Visit/
/Volumes/pn-opus/Seedlings/Subject_Files/12/12_12/Home_Visit/
/Volumes/pn-opus/Seedlings/Subject_Files/10/10_12/Home_Visit/
/Volumes/pn-opus/Seedlings/Subject_Files/29/29_12/Home_Visit/
/Volumes/pn-opus/Seedlings/Subject_Files/07/07_12/Home_Visit/
new
/Volumes/pn-opus/Seedlings/Subject_Files/37/37_09/Home_Visit//Analysis/Audio_Analysis/37_09_audio_sparse_code_no_id.csv
/Volumes/pn-opus/Seedlings/Subject_Files/46/46_16/Home_Visit//Analysis/Audio_Analysis/46_16_audio_sparse_code_no_id.csv
/Volumes/pn-opus/Seedlings/Subject_Files/02/02_11/Home_Visit//Analysis/Audio_Analysis/02_11_audio_sparse_code_no_id.csv
/Volumes/pn-opus/Seedlings/Subject_Files/25/25_12/Home_Visit//Analysis/Audio_Analysis/25_12_audio_sparse_code_no_id.csv
/Volumes/pn-opus/Seedlings/Subject_Files/35/35_12/Home_Visit//Analysis/Audio_Analysis/35_12_audio_sparse_code_no_id.csv
/Volumes/pn-opus/Seedlings/Subject_Files/35/35_11/Home_Visit//Analysis/Audio_Analysis/35_11_audio_sparse_code_no_id.csv
/Volumes/pn-opus/Seedlings/Subject_Files/34/34_07/Home_Visit//Analysis/Audio_Analysis/34_07_audio_sparse_code_no_id.csv
/Volumes/pn-opus/Seedlings/Subject_Files/08/08_14/Home_Visit//Analysis/Audio_Analysis/08_14_audio_sparse_code_no_id.csv
/Volumes/pn-opus/Seedlings/Subject_Files/27/27_15/Home_Visit//Analysis/Audio_Analysis/27_15_audio_sparse_code_no_id.csv
/Volumes/pn-opus/Seedlings/Subject_Files/11/11_07/Home_Visit//Analysis/Audio_Analysis/11_07_audio_sparse_code_no_id.csv
/Volumes/pn-opus/Seedlings/Subject_Files/15/15_14/Home_Visit//Analysis/Audio_Analysis/15_14_audio_sparse_code_no_id.csv
/Volumes/pn-opus/Seedlings/Subject_Files/40/40_09/Home_Visit//Analysis/Audio_Analysis/40_09_audio_sparse_code_no_id.csv
/Volumes/pn-opus/Seedlings/Subject_Files/04/04_15/Home_Visit//Analysis/Audio_Analysis/04_15_audio_sparse_code_no_id.csv
/Volumes/pn-opus/Seedlings/Subject_Files/04/04_07/Home_Visit//Analysis/Audio_Analysis/04_07_audio_sparse_code_no_id.csv
/Volumes/pn-opus/Seedlings/Subject_Files/04/04_11/Home_Visit//Analysis/Audio_Analysis/04_11_audio_sparse_code_no_id.csv
/Volumes/pn-opus/Seedlings/Subject_Files/01/01_14/Home_Visit//Analysis/Audio_Analysis/01_14_audio_sparse_code_no_id.csv
/Volumes/pn-opus/Seedlings/Subject_Files/01/01_16/Home_Visit//Analysis/Audio_Analysis/01_16_audio_sparse_code_no_id.csv
/Volumes/pn-opus/Seedlings/Subject_Files/01/01_07/Home_Visit//Analysis/Audio_Analysis/01_07_audio_sparse_code_no_id.csv
/Volumes/pn-opus/Seedlings/Subject_Files/01/01_11/Home_Visit//Analysis/Audio_Analysis/01_11_audio_sparse_code_no_id.csv
/Volumes/pn-opus/Seedlings/Subject_Files/09/09_13/Home_Visit//Analysis/Audio_Analysis/09_13_audio_sparse_code_no_id.csv
/Volumes/pn-opus/Seedlings/Subject_Files/16/16_07/Home_Visit//Analysis/Audio_Analysis/16_07_audio_sparse_code_no_id.csv
/Volumes/pn-opus/Seedlings/Subject_Files/16/16_12/Home_Visit//Analysis/Audio_Analysis/16_12_audio_sparse_code_no_id.csv
/Volumes/pn-opus/Seedlings/Subject_Files/41/41_13/Home_Visit//Analysis/Audio_Analysis/41_13_audio_sparse_code_no_id.csv
/Volumes/pn-opus/Seedlings/Subject_Files/41/41_07/Home_Visit//Analysis/Audio_Analysis/41_07_audio_sparse_code_no_id.csv
/Volumes/pn-opus/Seedlings/Subject_Files/43/43_15/Home_Visit//Analysis/Audio_Analysis/43_15_audio_sparse_code_no_id.csv
/Volumes/pn-opus/Seedlings/Subject_Files/22/22_13/Home_Visit//Analysis/Audio_Analysis/22_13_audio_sparse_code_no_id.csv
/Volumes/pn-opus/Seedlings/Subject_Files/07/07_13/Home_Visit//Analysis/Audio_Analysis/07_13_audio_sparse_code_no_id.csv
/Volumes/pn-opus/Seedlings/Subject_Files/38/38_13/Home_Visit//Analysis/Audio_Analysis/38_13_audio_sparse_code_no_id.csv
/Volumes/pn-opus/Seedlings/Subject_Files/33/33_15/Home_Visit//Analysis/Audio_Analysis/33_15_audio_sparse_code_no_id.csv
/Volumes/pn-opus/Seedlings/Subject_Files/20/20_12/Home_Visit/
/Volumes/pn-opus/Seedlings/Subject_Files/28/28_12/Home_Visit/
/Volumes/pn-opus/Seedlings/Subject_Files/30/30_12/Home_Visit/
/Volumes/pn-opus/Seedlings/Subject_Files/22/22_12/Home_Visit/
/Volumes/pn-opus/Seedlings/Subject_Files/29/29_12/Home_Visit/
name
